// Jest Snapshot v1, https://goo.gl/fbAQLP

exports[`Example File Snapshots NFSPL to SPL Transpilation Snapshots should transpile enter-multiple.nfspl to SPL: enter-multiple.nfspl-to-spl 1`] = `
"The Test of Multiple Enter.

The Archbishop of Canterbury, a young man.
Goneril, a lady.
Regan, a friend.
Lady Montague, another friend.

                    Act I: Testing multiple enters.

                    Scene I: Single enter.

[Enter The Archbishop of Canterbury]

[Exit The Archbishop of Canterbury]

                    Scene II: Two characters enter.

[Enter The Archbishop of Canterbury and Goneril]

[Exeunt The Archbishop of Canterbury and Goneril]

                    Scene III: Three characters enter.

[Enter The Archbishop of Canterbury, Goneril and Regan]

[Exeunt The Archbishop of Canterbury, Goneril and Regan]

                    Scene IV: Four characters enter.

[Enter The Archbishop of Canterbury, Goneril, Regan and Lady Montague]

[Exeunt]"
`;

exports[`Example File Snapshots NFSPL to SPL Transpilation Snapshots should transpile fizzbuzz.nfspl to SPL: fizzbuzz.nfspl-to-spl 1`] = `
"To Fizz, Perchance To Buzz.

Vincentio, a counter of loops.
Alonso, a poet and orator.

                    Act I: Main.

                    Scene I: Start.

[Enter Vincentio and Alonso]

Alonso:
 Thou art as embroidered as nothing.

                    Scene II: Loop.

Alonso:
 You are as bold as the sum of thee and the King.

Alonso:
 Is thee friendlier than the sum of the sum of a cute delicious town
 and a loving prompt sweetest trustworthy golden happiness and a
 cunning cunning fair clearest clearest reddest hamster? If so, we
 shall proceed to scene VI.

Alonso:
 Is the remainder of the quotient between yourself and the sum of the
 sum of the sum of the King and a handsome pony and a good noble nose
 and a noble reddest white town as rich as nothing? If so, Let us
 proceed to scene III.

Alonso:
 Is the remainder of the quotient between thyself and the sum of a town
 and a clearest angel as prompt as nothing? If so, We must proceed to
 scene IV.

Alonso:
 Is the remainder of the quotient between thou and the sum of a purse
 and a happy prompt rose as sweetest as nothing? If so, Let us return
 to scene V.

Vincentio:
 Thou art as trustworthy as me. Open thine heart.
 
 Thou art as charming as the sum of a lovely plum and a prompt prompt
 smooth nose. Speak thy mind.
 
 Let us proceed to scene II.

                    Scene III: Fizzbuzz.

Vincentio:
 You are as delicious as the sum of the sum of the sum of the peaceful
 Lord and a clearest warm flower and the amazing brave loving noble
 rich sky and a cute delicious rich sweet sunny embroidered summer's
 day. Speak your mind. You are as rich as the sum of the sum of the sum
 of a purse and a fine lovely mighty cat and a delicious honest mighty
 peaceful white angel and a cute handsome peaceful sweet sunny reddest
 summer's day! Speak thine mind. You are as bold as the sum of the sum
 of the sum of the sum of the reddest Lord and a fine loving blossoming
 happiness and a beautiful lovely noble rural rose and a happy prompt
 clearest healthy embroidered rose and the amazing brave brave pretty
 rich smooth King. Speak thine mind. You are as embroidered as the sum
 of the sum of the sum of the sum of a clearest plum and a cute sweet
 sunny hero and a cunning cute gentle loving hero and a fair happy
 peaceful sweet sweet happiness and an amazing amazing bold delicious
 golden white joy. Speak thy mind. You are as brave as the sum of the
 sum of the lovely sky and a bold cunning fair fair sweet purse and the
 lovely noble rich smooth golden reddest sky. Speak your mind! Thou art
 as embroidered as the sum of the sum of the sum of the sum of joy and
 beautiful fine Heaven and the noble rich blossoming embroidered King
 and a brave noble healthy sunny warm town and a gentle honest honest
 loving peaceful sweet summer's day. Speak thine mind! Thou art as
 peaceful as the sum of the sum of the sum of the sum of a smooth
 hamster and a fair sweet white pony and an amazing happy trustworthy
 embroidered plum and a beautiful delicious peaceful sunny white
 happiness and a delicious noble sweet clearest sunny rural pony. Speak
 thy mind. You are as delicious as the sum of the sum of the sum of the
 sum of a healthy nose and a beautiful delicious rural joy and a honest
 lovely trustworthy clearest town and a bold fair peaceful sweetest
 white summer's day and a delicious fair mighty noble peaceful pretty
 hero. Speak your mind.
 
 Thou art as bold as the sum of the lovely Lord and a charming pretty
 golden rose. Speak thy mind.
 
 Let us proceed to scene II.

                    Scene IV: Fizz.

Vincentio:
 You are as fair as the sum of the sum of the sum of a lovely cat and a
 mighty white kingdom and the amazing beautiful bold gentle smooth King
 and a delicious trustworthy blossoming healthy reddest embroidered
 plum. Speak thy mind. You are as good as the sum of the sum of the sum
 of a cat and lovely rich sweet Heaven and the prompt sweet blossoming
 blossoming white King and a bold bold noble sweetest clearest warm
 angel! Speak thine mind. You are as brave as the sum of the sum of the
 sum of the sum of noble Heaven and a brave brave cunning happiness and
 a handsome honest loving rich joy and a cunning lovely pretty pretty
 trustworthy kingdom and a beautiful delicious delicious healthy
 reddest embroidered rose. Speak thy mind. Thou art as warm as the sum
 of the sum of the sum of the sum of a reddest flower and a peaceful
 pretty trustworthy angel and a beautiful delicious good clearest cat
 and bold brave cute proud blossoming Heaven and the fair handsome rich
 rich sweetest healthy Lord! Speak thy mind.
 
 Thou art as loving as the sum of a sweetest angel and amazing cute
 mighty Heaven. Speak your mind.
 
 we must return to scene II!

                    Scene V: Buzz.

Vincentio:
 Thou art as handsome as the sum of the sum of a sunny hero and a bold
 pretty smooth sunny reddest angel and a fair gentle happy pretty
 sweetest clearest joy. Speak thy mind. You are as golden as the sum of
 the sum of the sum of the sum of the Lord and a brave noble town and a
 fair good handsome blossoming rose and a cute mighty prompt healthy
 warm joy and the fine mighty mighty noble sunny embroidered sky! Speak
 your mind. Thou art as prompt as the sum of the sum of the sum of the
 sum of a golden kingdom and the brave fine sweet King and a cute
 loving rich rural purse and a cunning good mighty sweetest sweetest
 pony and an amazing amazing cute delicious honest healthy nose. Speak
 your mind. You are as rural as the sum of the sum of the sum of the
 sum of a cunning hamster and a bold honest reddest hero and the honest
 noble blossoming smooth King and a rich trustworthy sunny warm reddest
 purse and a cute handsome honest peaceful proud sunny flower. Speak
 thy mind.
 
 You are as trustworthy as the sum of a bold summer's day and a pretty
 trustworthy trustworthy kingdom! Speak your mind.
 
 Let us proceed to scene II.

                    Scene VI: End.

[Exeunt]"
`;

exports[`Example File Snapshots NFSPL to SPL Transpilation Snapshots should transpile hi.nfspl to SPL: hi.nfspl-to-spl 1`] = `
"A Simple Greeting.

Cordelia, the a variable.
Hippolyta, the b variable.

                    Act I: Main.

                    Scene I: Print hi.

[Enter Cordelia and Hippolyta]

Hippolyta:
 You are as prompt as the sum of happy noble clearest Heaven and a
 mighty prompt proud blossoming smooth reddest flower. Speak thy mind.

Hippolyta:
 Thou art as bold as the sum of thee and the Lord! Speak thy mind.

Hippolyta:
 Thou art as noble as the sum of a sweet purse and a fine sweetest
 reddest rose. Speak your mind.

[Exeunt]"
`;

exports[`Example File Snapshots NFSPL to SPL Transpilation Snapshots should transpile reverse.nfspl to SPL: reverse.nfspl-to-spl 1`] = `
"Bianca and Lysander Output The Input Reversedly.

Bianca, a stacky gentleperson.
Lysander, who counts the memories of Bianca.

                    Act I: The one and only.

                    Scene I: In the beginning, there was nothing.

[Enter Bianca and Lysander]

Bianca:
 You are as fair as nothing.

                    Scene II: Pushing to Bianca.

Lysander:
 Open thine mind. Are you as sweetest as nothing? If not, Remember
 thyself.

Bianca:
 If not, You are as clearest as the sum of thee and a nose.

Lysander:
 If not, we shall return to scene II.

                    Scene III: Counting of Lysander.

Lysander:
 Recall your handsome tiny plague. Speak thy mind.

Bianca:
 Thou art as mighty as the difference between yourself and a pony. Is
 yourself nicer than nothing?

Lysander:
 If so, we shall proceed to scene III.

                    Scene IV: The end.

[Exeunt]"
`;
