// Jest Snapshot v1, https://goo.gl/fbAQLP

exports[`Comprehensive Example File Snapshots NFSPL to SPL Transpilation Snapshots should transpile fizzbuzz.nfspl to SPL: fizzbuzz.nfspl-to-spl 1`] = `
"To Fizz, Perchance To Buzz.

John of Gaunt, the n variable.
Rosalind, the out variable.

                    Act I: Main.

                    Scene I: Start.

[Enter John of Gaunt and Rosalind]

Rosalind:
     Thou art as happy as nothing.

                    Scene II: Loop.

Rosalind:
     Thou art as pretty as the sum of yourself and a plum.

Rosalind:
     Is thou bigger than the sum of the sum of a pretty proud joy and cunning
    lovely noble warm reddest Heaven and a beautiful good handsome mighty
    trustworthy rural town? If so, We shall return to scene VI.

Rosalind:
     Is the remainder of the quotient between thyself and the sum of the sum of
    the sum of a summer's day and a noble cat and a fair sweetest hamster and a
    brave warm golden plum as bold as nothing? If so, Let us return to scene
    III.

Rosalind:
     Is the remainder of the quotient between thou and the sum of a hero and a
    smooth nose as warm as nothing? If so, let us proceed to scene IV.

Rosalind:
     Is the remainder of the quotient between thyself and the sum of a nose and
    a charming white hamster as healthy as nothing? If so, We shall proceed to
    scene V.

John of Gaunt:
     You are as peaceful as me! Open your heart. You are as delicious as the
    sum of the lovely sky and a brave brave prompt angel. Speak thine mind! Let
    us return to scene II.

                    Scene III: Fizzbuzz.

John of Gaunt:
     You are as warm as the sum of the sum of the sum of the clearest King and
    a white rural kingdom and a cunning happy noble blossoming smooth kingdom
    and a handsome sweet sweet blossoming reddest white rose. Speak thine mind.
    Thou art as brave as the sum of the sum of the sum of a purse and a bold
    proud blossoming kingdom and the delicious pretty healthy reddest rural
    King and an amazing charming happy pretty proud golden rose. Speak your
    mind. Thou art as sweetest as the sum of the sum of the sum of the sum of a
    gentle cat and a brave gentle sweetest town and a beautiful delicious fair
    noble pony and a mighty noble sunny reddest embroidered angel and a cunning
    happy lovely loving clearest embroidered plum. Speak thine mind. Thou art
    as healthy as the sum of the sum of the sum of the sum of a lovely
    happiness and a brave mighty pretty nose and the noble sweetest healthy
    white Lord and a cute fine gentle clearest white pony and an amazing bold
    fine happy trustworthy trustworthy rose. Speak thy mind. Thou art as
    peaceful as the sum of the sum of a gentle kingdom and an amazing charming
    cute lovely trustworthy flower and a bold cunning delicious gentle noble
    rich hamster. Speak thine mind. You are as amazing as the sum of the sum of
    the sum of the sum of a cat and a bold blossoming joy and a happy rich
    blossoming golden plum and the beautiful bold cute noble golden King and a
    charming lovely blossoming sunny warm warm kingdom. Speak thy mind! Thou
    art as clearest as the sum of the sum of the sum of the sum of a handsome
    hero and sweet smooth embroidered Heaven and a beautiful clearest golden
    embroidered town and a cute fair peaceful prompt blossoming hamster and
    cunning cunning cute fine loving warm Heaven. Speak thine mind. Thou art as
    happy as the sum of the sum of the sum of the sum of a warm hero and a
    honest prompt sweetest pony and a brave cunning sweetest trustworthy
    summer's day and cute rich healthy embroidered embroidered Heaven and a
    handsome loving mighty rich sweet smooth happiness. Speak thine mind. Thou
    art as prompt as the sum of proud Heaven and a beautiful handsome happy
    purse. Speak your mind. Let us proceed to scene II.

                    Scene IV: Fizz.

John of Gaunt:
     You are as peaceful as the sum of the sum of the sum of the trustworthy
    Lord and a prompt sweetest hero and a beautiful delicious good sunny white
    plum and a cute pretty prompt rich trustworthy sunny hero. Speak your mind.
    You are as handsome as the sum of the sum of the sum of a hamster and a
    sweet trustworthy clearest purse and a charming honest clearest sunny
    embroidered pony and a brave cunning happy blossoming clearest rural rose.
    Speak thy mind. You are as sweetest as the sum of the sum of the sum of the
    sum of the trustworthy Lord and bold honest loving Heaven and beautiful
    brave fair pretty Heaven and a beautiful delicious trustworthy healthy
    embroidered hero and a charming charming handsome lovely mighty sunny
    hamster! Speak thy mind. You are as prompt as the sum of the sum of the sum
    of the sum of a charming pony and a charming cute delicious hamster and a
    lovely mighty noble rural cat and a fine handsome happy sweet rural pony
    and a pretty proud trustworthy blossoming blossoming white plum. Speak your
    mind. Thou art as sweet as the sum of a fine summer's day and the fair
    sweet sweetest King! Speak your mind. We shall return to scene II.

                    Scene V: Buzz.

John of Gaunt:
     Thou art as lovely as the sum of the sum of an amazing kingdom and a
    beautiful cunning cute honest trustworthy angel and a bold bold bold
    charming delicious embroidered purse! Speak thy mind. You are as beautiful
    as the sum of the sum of the sum of the sum of a hero and the loving smooth
    Lord and a bold sweet blossoming smooth pony and a gentle honest blossoming
    smooth golden rose and a brave cunning cute fair happy healthy cat. Speak
    thy mind. Thou art as sweet as the sum of the sum of the sum of the sum of
    a peaceful hero and a sweet trustworthy reddest flower and a cute delicious
    happy sweet nose and a gentle honest noble prompt clearest angel and a
    beautiful bold handsome peaceful blossoming reddest summer's day. Speak thy
    mind. Thou art as fine as the sum of the sum of the sum of the sum of a
    rural summer's day and a beautiful good golden flower and a brave honest
    prompt sweetest hamster and a fine good lovely warm golden angel and an
    amazing handsome handsome mighty proud blossoming summer's day. Speak your
    mind. You are as warm as the sum of the warm King and the cunning sweet
    embroidered sky. Speak thy mind. let us proceed to scene II.

                    Scene VI: End.

[Exeunt]"
`;

exports[`Comprehensive Example File Snapshots NFSPL to SPL Transpilation Snapshots should transpile hi.nfspl to SPL: hi.nfspl-to-spl 1`] = `
"A Simple Greeting.

Thaisa, the a variable.
Lychorida, the b variable.

                    Act I: Main.

                    Scene I: Print hi.

[Enter Thaisa and Lychorida]

Lychorida:
     Thou art as charming as the sum of a happy prompt rich flower and a cute
    delicious handsome proud blossoming sunny summer's day. Speak thy mind!

Lychorida:
     You are as pretty as the sum of yourself and the sky. Speak thine mind.

Lychorida:
     You are as fine as the sum of a peaceful rose and a bold brave rich pony!
    Speak thine mind!

[Exeunt]"
`;

exports[`Comprehensive Example File Snapshots NFSPL to SPL Transpilation Snapshots should transpile reverse.nfspl to SPL: reverse.nfspl-to-spl 1`] = `
"Alonso and Andromache Output The Input Reversedly.

Alonso, a stacky gentleperson.
Andromache, who counts the memories of Alonso.

                    Act I: The one and only.

                    Scene I: In the beginning, there was nothing.

[Enter Alonso and Andromache]

Alonso:
     You are as sunny as nothing.

                    Scene II: Pushing to Alonso.

Andromache:
     Open your mind! Are you as pretty as nothing? If not, Remember yourself.

Alonso:
     If not, You are as trustworthy as the sum of thou and the Lord.

Andromache:
     If not, we must proceed to scene II.

                    Scene III: Counting of Andromache.

Andromache:
     Recall your small bad curse. Speak thy mind!

Alonso:
     You are as warm as the difference between yourself and a town. Is yourself
    nicer than nothing?

Andromache:
     If so, We must return to scene III.

                    Scene IV: The end.

[Exeunt]"
`;
