// Jest Snapshot v1, https://goo.gl/fbAQLP

exports[`Comprehensive Example File Snapshots NFSPL to SPL Transpilation Snapshots should transpile enter-multiple.nfspl to SPL: enter-multiple.nfspl-to-spl 1`] = `
"The Test of Multiple Enter.

The Archbishop of Canterbury, a young man.
Goneril, a lady.
Regan, a friend.
Lady Montague, another friend.

                    Act I: Testing multiple enters.

                    Scene I: Single enter.

[Enter The Archbishop of Canterbury]

[Exit The Archbishop of Canterbury]

                    Scene II: Two characters enter.

[Enter The Archbishop of Canterbury and Goneril]

[Exeunt The Archbishop of Canterbury and Goneril]

                    Scene III: Three characters enter.

[Enter The Archbishop of Canterbury, Goneril and Regan]

[Exeunt The Archbishop of Canterbury, Goneril and Regan]

                    Scene IV: Four characters enter.

[Enter The Archbishop of Canterbury, Goneril, Regan and Lady Montague]

[Exeunt]"
`;

exports[`Comprehensive Example File Snapshots NFSPL to SPL Transpilation Snapshots should transpile fizzbuzz.nfspl to SPL: fizzbuzz.nfspl-to-spl 1`] = `
"To Fizz, Perchance To Buzz.

Claudio, a counter of loops.
Julia, a poet and orator.

                    Act I: Main.

                    Scene I: Start.

[Enter Claudio and Julia]

Julia:
 You are as trustworthy as nothing.

                    Scene II: Loop.

Julia:
 Thou art as happy as the sum of thou and a kingdom.

Julia:
 Is thyself bigger than the sum of the sum of a blossoming clearest
 hero and the amazing fine pretty sweet embroidered King and a charming
 gentle loving prompt rich sweetest pony? If so, We must return to
 scene VI.

Julia:
 Is the remainder of the quotient between thou and the sum of the sum
 of the sum of a town and the golden sky and a loving mighty happiness
 and a delicious blossoming smooth joy as fair as nothing? If so, we
 shall return to scene III.

Julia:
 Is the remainder of the quotient between yourself and the sum of a
 rose and the sunny King as pretty as nothing? If so, We must return to
 scene IV.

Julia:
 Is the remainder of the quotient between yourself and the sum of joy
 and brave sweet Heaven as peaceful as nothing? If so, We must proceed
 to scene V.

Claudio:
 Thou art as embroidered as me. Open thy heart. Thou art as charming as
 the sum of a delicious pony and a peaceful healthy reddest nose. Speak
 thine mind. We shall proceed to scene II!

                    Scene III: Fizzbuzz.

Claudio:
 You are as amazing as the sum of the sum of the sum of the sunny sky
 and a brave loving summer's day and a brave good lovely mighty rural
 purse and a delicious mighty prompt trustworthy sunny reddest cat!
 Speak your mind. Thou art as prompt as the sum of the sum of the sum
 of the Lord and the fair fine mighty Lord and a fine prompt healthy
 reddest white summer's day and a brave mighty mighty sweetest clearest
 rural purse. Speak thy mind. Thou art as beautiful as the sum of the
 sum of the sum of the sum of a smooth angel and a handsome prompt
 reddest purse and a cute mighty proud warm cat and a cute fair gentle
 rich white angel and a cute delicious fair sweet embroidered
 embroidered happiness. Speak your mind! Thou art as loving as the sum
 of the sum of the sum of the sum of the mighty King and a gentle
 blossoming reddest joy and a gentle trustworthy sunny white cat and
 the cunning cute fair sunny warm sky and a beautiful beautiful gentle
 handsome sweet blossoming cat! Speak thine mind! Thou art as peaceful
 as the sum of the sum of a brave kingdom and a charming noble sweet
 trustworthy golden rose and the cunning cute cute delicious fair
 prompt King. Speak your mind. You are as handsome as the sum of the
 sum of the sum of the sum of a hero and a beautiful reddest rose and
 the handsome loving pretty embroidered Lord and a handsome mighty
 proud clearest reddest cat and a good pretty pretty rich sunny rural
 plum! Speak thy mind. You are as charming as the sum of the sum of the
 sum of the sum of a smooth town and a beautiful honest trustworthy
 nose and a honest lovely trustworthy clearest nose and the amazing
 fine gentle good proud King and the mighty peaceful pretty trustworthy
 blossoming warm King! Speak your mind. You are as charming as the sum
 of the sum of the sum of the sum of a cute cat and the cute happy
 sweet sky and a charming handsome mighty smooth hamster and an amazing
 handsome mighty noble sweet summer's day and a happy loving smooth
 sunny reddest rural plum. Speak your mind. Thou art as bold as the sum
 of a cunning joy and the charming pretty prompt sky! Speak thy mind.
 We shall proceed to scene II.

                    Scene IV: Fizz.

Claudio:
 Thou art as clearest as the sum of the sum of the sum of the cunning
 Lord and a mighty trustworthy happiness and the happy peaceful healthy
 golden white sky and a bold peaceful prompt sweetest sweetest warm
 joy. Speak thy mind. Thou art as proud as the sum of the sum of the
 sum of a summer's day and an amazing fair trustworthy angel and
 cunning happy pretty sweet blossoming Heaven and a charming delicious
 good handsome loving white cat. Speak your mind. Thou art as clearest
 as the sum of the sum of the sum of the sum of a white happiness and a
 good peaceful white town and a honest lovely healthy embroidered hero
 and a lovely mighty sweet sweetest reddest hamster and the fair pretty
 sweetest trustworthy healthy sunny Lord. Speak thy mind. You are as
 trustworthy as the sum of the sum of the sum of the sum of a warm
 purse and the pretty prompt white King and a noble prompt clearest
 smooth plum and a bold fair fair healthy white town and a proud smooth
 sunny warm golden golden kingdom. Speak thine mind. Thou art as
 delicious as the sum of a trustworthy rose and a cute blossoming
 reddest summer's day. Speak thine mind. we shall proceed to scene II.

                    Scene V: Buzz.

Claudio:
 You are as reddest as the sum of the sum of a bold summer's day and a
 gentle handsome rich sunny warm town and the bold happy mighty rich
 sweet sweet sky. Speak thine mind. Thou art as rich as the sum of the
 sum of the sum of the sum of a kingdom and a cute fair kingdom and the
 cunning good honest sweet Lord and the bold happy sweetest sweetest
 white Lord and the prompt proud warm white white rural sky. Speak thy
 mind. You are as brave as the sum of the sum of the sum of the sum of
 proud Heaven and a charming honest sweet pony and a beautiful
 beautiful fine clearest pony and a loving loving noble sweet white
 angel and a fair gentle lovely loving blossoming clearest joy. Speak
 thy mind. Thou art as loving as the sum of the sum of the sum of the
 sum of a healthy nose and a cunning delicious golden pony and the
 delicious delicious delicious embroidered sky and a gentle proud proud
 sweet clearest hero and an amazing beautiful honest prompt sweetest
 healthy rose. Speak thy mind. You are as gentle as the sum of a loving
 plum and a beautiful prompt proud kingdom! Speak thy mind. We must
 proceed to scene II.

                    Scene VI: End.

[Exeunt]"
`;

exports[`Comprehensive Example File Snapshots NFSPL to SPL Transpilation Snapshots should transpile hi.nfspl to SPL: hi.nfspl-to-spl 1`] = `
"A Simple Greeting.

Pompeius, the a variable.
Friar John, the b variable.

                    Act I: Main.

                    Scene I: Print hi.

[Enter Pompeius and Friar John]

Friar John:
 Thou art as smooth as the sum of a lovely rich white hero and the
 amazing brave delicious trustworthy clearest clearest Lord! Speak thy
 mind.

Friar John:
 Thou art as prompt as the sum of yourself and happiness! Speak thy
 mind.

Friar John:
 Thou art as sweet as the sum of a rural hamster and a bold pretty
 proud joy. Speak thy mind.

[Exeunt]"
`;

exports[`Comprehensive Example File Snapshots NFSPL to SPL Transpilation Snapshots should transpile reverse.nfspl to SPL: reverse.nfspl-to-spl 1`] = `
"King Lear and The Duke of Venice Output The Input Reversedly.

King Lear, a stacky gentleperson.
The Duke of Venice, who counts the memories of King Lear.

                    Act I: The one and only.

                    Scene I: In the beginning, there was nothing.

[Enter King Lear and The Duke of Venice]

King Lear:
 Thou art as brave as nothing.

                    Scene II: Pushing to King Lear.

The Duke of Venice:
 Open your mind. Art thou as bold as nothing? If not, Remember
 yourself.

King Lear:
 If not, Thou art as pretty as the sum of yourself and a town.

The Duke of Venice:
 If not, we shall return to scene II.

                    Scene III: Counting of The Duke of Venice.

The Duke of Venice:
 Recall your infected bottomless Heaven. Speak thy mind.

King Lear:
 Thou art as good as the difference between thyself and the King. Is
 thee nicer than nothing?

The Duke of Venice:
 If so, we shall proceed to scene III.

                    Scene IV: The end.

[Exeunt]"
`;
