// Jest Snapshot v1, https://goo.gl/fbAQLP

exports[`NFSPL to SPL Snapshots example programs should transpile fizzbuzz.nfspl to SPL 1`] = `
"Oberon and the healthy wolf.

Oberon, the n variable.
Benvolio, the out variable.

                    Act I: Main.

                    Scene I: Start.

[Enter Oberon and Benvolio]

Benvolio:
     Thou art nothing.

                    Scene II: Loop.

Benvolio:
     You are the sum of thou and nose.

Benvolio:
     Is yourself fresher than sum of sum of amazing healthy pony and
    trustworthy delicious good tiny rich town and fair embroidered charming
    charming sweet little sky? If so, we must return to scene VI.

Benvolio:
     Is remainder of the quotient between thou and sum of sum of sum of
    happiness and white rose and smooth fair cat and fine smooth fine sky as
    prompt as nothing? If so, let us return to scene III.

Benvolio:
     Is remainder of the quotient between thou and sum of kingdom and fair plum
    as lovely as nothing? If so, We shall return to scene IV.

Benvolio:
     Is remainder of the quotient between yourself and sum of Heaven and
    embroidered trustworthy joy as warm as nothing? If so, let us return to
    scene V.

Oberon:
     Thou art Oberon. Open thy heart! You are the sum of rich town and loving
    rich charming hero. Speak thy mind! We shall proceed to scene II.

                    Scene III: Fizzbuzz.

Oberon:
     Thou art the sum of sum of sum of beautiful Heaven and warm loving purse
    and sweet bold smooth happy embroidered kingdom and cunning blossoming old
    embroidered blossoming sweet King. Speak thy mind! You are the sum of sum
    of sum of summer's day and little cunning fine flower and sunny brave
    charming delicious tiny purse and beautiful fine good sunny little
    delicious hamster. Speak thy mind! You are the sum of sum of sum of sum of
    trustworthy Heaven and golden happy tiny purse and lovely happy cute brave
    angel and sweetest trustworthy sweet fair healthy nose and little
    blossoming happy noble happy trustworthy King. Speak thine mind! Thou art
    the sum of sum of sum of sum of warm angel and noble loving sweetest
    summer's day and clearest loving delicious warm nose and honest embroidered
    rich rural trustworthy angel and amazing healthy good mighty healthy fine
    angel. Speak thy mind! Thou art the sum of sum of delicious summer's day
    and white sweet peaceful reddest honest cat and warm tiny peaceful tiny
    cunning charming happiness. Speak thy mind! You are the sum of sum of sum
    of sum of sky and rich gentle angel and noble blossoming bold white joy and
    sweetest cute honest white gentle Heaven and rich golden peaceful prompt
    good blossoming nose. Speak thine mind! Thou art the sum of sum of sum of
    sum of proud pony and tiny sweetest cunning nose and honest happy mighty
    delicious town and reddest rural fine honest lovely rose and tiny smooth
    smooth good sweet gentle rose. Speak thy mind! Thou art the sum of sum of
    sum of sum of noble town and little delicious charming joy and brave mighty
    rich white happiness and bold little sunny sunny white flower and
    blossoming handsome delicious healthy mighty smooth summer's day. Speak
    thine mind! You are the sum of sweetest hero and rich honest golden
    happiness. Speak your mind! We shall return to scene II.

                    Scene IV: Fizz.

Oberon:
     You are the sum of sum of sum of delicious cat and cute prompt angel and
    white rural sweet trustworthy proud flower and sweetest beautiful golden
    rich reddest cunning King. Speak thine mind! You are the sum of sum of sum
    of King and fair sweetest handsome Lord and noble old sweetest mighty
    cunning flower and brave pretty healthy peaceful cunning fair rose. Speak
    thine mind! You are the sum of sum of sum of sum of rural pony and
    trustworthy sweet proud King and happy healthy proud happy purse and bold
    cunning reddest embroidered cunning summer's day and loving noble fine
    beautiful delicious old King. Speak thy mind! Thou art the sum of sum of
    sum of sum of clearest kingdom and rich good tiny kingdom and fine brave
    cute beautiful rose and blossoming proud healthy fine mighty plum and brave
    sunny happy fine reddest cunning Heaven. Speak thine mind! You are the sum
    of peaceful sky and cute peaceful handsome purse. Speak your mind! we must
    proceed to scene II.

                    Scene V: Buzz.

Oberon:
     Thou art the sum of sum of cunning happiness and proud gentle noble mighty
    honest cat and pretty mighty tiny old charming white joy. Speak thine mind!
    Thou art the sum of sum of sum of sum of sky and pretty beautiful plum and
    reddest handsome beautiful proud rose and brave golden sweetest proud fair
    joy and gentle mighty reddest bold peaceful proud town. Speak thine mind!
    Thou art the sum of sum of sum of sum of warm plum and cunning happy
    beautiful Heaven and mighty old cute old sky and reddest healthy amazing
    delicious mighty pony and embroidered bold healthy amazing delicious cute
    purse. Speak thy mind! Thou art the sum of sum of sum of sum of happy Lord
    and bold happy old hero and gentle trustworthy noble good joy and rural
    delicious clearest handsome prompt rose and pretty pretty little fine
    mighty gentle summer's day. Speak your mind! You are the sum of warm flower
    and gentle reddest sweet summer's day. Speak thy mind! we must proceed to
    scene II.

                    Scene VI: End.

[Exeunt]"
`;

exports[`NFSPL to SPL Snapshots example programs should transpile hi.nfspl to SPL 1`] = `
"Don John and the bad hero.

Don John, the a variable.
Juliet, the b variable.

                    Act I: Main.

                    Scene I: Print hi.

[Enter Don John and Juliet]

Juliet:
     Thou art the sum of noble delicious handsome hamster and cunning good rich
    brave trustworthy gentle cat. Speak your mind!

Juliet:
     Thou art the sum of thou and happiness. Speak your mind!

Juliet:
     Thou art the sum of reddest purse and bold blossoming fine nose. Speak thy
    mind!

[Exeunt]"
`;

exports[`NFSPL to SPL Snapshots example programs should transpile simplified reverse program 1`] = `
"Queen Elinor and the sweet fellow.

Queen Elinor, the stack variable.
Helena, the count variable.

                    Act I: Main.

                    Scene I: Init.

[Enter Queen Elinor and Helena]

Queen Elinor:
     You are nothing.

                    Scene II: Get input.

Helena:
     Open thy mind! Remember thyself!

Queen Elinor:
     You are the sum of thou and town. Is thee bigger than nothing?

Helena:
     If so, we must proceed to scene II. Recall your blue oozing niece!

                    Scene III: Print reversed.

Helena:
     Recall your pretty reddest grandmother! Speak thine mind!

Queen Elinor:
     Thou art the difference between thou and kingdom. Is thou fresher than
    nothing?

Helena:
     If so, Let us return to scene III.

                    Scene IV: End.

[Exeunt]"
`;

exports[`NFSPL to SPL Snapshots language features should transpile arithmetic operations 1`] = `
"Christopher Sly and the oozing purse.

Christopher Sly, the calc variable.
Fenton, the result variable.

                    Act I: Main.

                    Scene I: Arithmetic test.

[Enter Christopher Sly and Fenton]

Christopher Sly:
     You are the sum of sum of sunny cat and trustworthy noble warm happiness
    and sum of summer's day and warm peaceful town. You are the difference
    between sum of mighty peaceful cat and sweetest pretty trustworthy golden
    purse and sum of sum of angel and lovely King and sunny mighty hamster. You
    are the product of sum of sunny King and cute happy rose and sum of sum of
    purse and warm purse and healthy beautiful Lord. You are the quotient
    between sum of sum of sum of Lord and clearest plum and cunning cunning sky
    and tiny clearest proud town and sum of pony and tiny Lord. You are the
    remainder of the quotient between sum of hero and rich smooth fair clearest
    sky and sum of cat and fair lovely rose.

[Exeunt]"
`;

exports[`NFSPL to SPL Snapshots language features should transpile basic I/O operations 1`] = `
"Ferdinand and the fat-kidneyed roman.

Ferdinand, the reader variable.
Agrippa, the writer variable.

                    Act I: Main.

                    Scene I: I o test.

[Enter Ferdinand and Agrippa]

Ferdinand:
     Open thy mind! Listen to thine heart!

Agrippa:
     Thou art the sum of purse and sweetest lovely tiny loving honest healthy
    summer's day. Speak thine mind! Thou art the sum of sum of proud cat and
    little prompt sweet pony and cunning fine cute good cute happiness. Open
    thy heart!

[Exeunt]"
`;

exports[`NFSPL to SPL Snapshots language features should transpile character literals 1`] = `
"Adriana and the little face.

Adriana, the char_writer variable.
Pantino, the output variable.

                    Act I: Main.

                    Scene I: Char test.

[Enter Adriana and Pantino]

Adriana:
     Thou art the sum of hero and charming sweet pretty tiny golden cunning
    angel. Thou art the sum of sum of sum of loving kingdom and pretty sweetest
    bold plum and proud gentle embroidered fair pony and peaceful mighty gentle
    beautiful tiny embroidered hero. Thou art the sum of good lovely
    embroidered amazing plum and loving gentle healthy golden lovely flower.
    Thou art the sum of sum of sum of flower and mighty rural cunning hero and
    honest pretty sweet blossoming flower and sweetest trustworthy white
    healthy brave hero.

[Exeunt]"
`;

exports[`NFSPL to SPL Snapshots language features should transpile comparison operations 1`] = `
"Sebastian and the stuffed mistletoe.

Sebastian, the left variable.
Orsino, the right variable.

                    Act I: Main.

                    Scene I: Comparison test.

[Enter Sebastian and Orsino]

Sebastian:
     Is thyself as good as Orsino? Is thou fresher than Orsino? Is thee punier
    than Orsino? Is yourself not as villainous as Orsino? Is thyself not better
    than Orsino? Is thou not worse than Orsino?

[Exeunt]"
`;

exports[`NFSPL to SPL Snapshots language features should transpile control flow 1`] = `
"Solinus and the rotten beggar.

Solinus, the tester variable.
Lady Macbeth, the value variable.
Dogberry, the winner variable.
Leonato, the output variable.
Ophelia, the loser variable.

                    Act I: Main.

                    Scene I: Control test.

[Enter Solinus and Lady Macbeth]

Solinus:
     Is thyself as brave as sum of sum of blossoming angel and smooth rural
    sweetest kingdom and cute rich cunning sweetest warm kingdom? If so, we
    shall proceed to scene II. Is thou friendlier than nothing? If not, we must
    proceed to scene III.

                    Scene II: Success.

[Enter Dogberry and Leonato]

Dogberry:
     You are the sum of sum of sum of sum of summer's day and golden hamster
    and embroidered cunning King and good proud mighty brave sky and
    trustworthy fair mighty rural golden cunning cat.

[Exeunt]

                    Scene III: Failure.

[Enter Ophelia and Leonato]

Ophelia:
     Thou art the sum of sum of rich lovely joy and little rich handsome
    happiness and fair trustworthy sweetest good little trustworthy sky.

[Exeunt]"
`;

exports[`NFSPL to SPL Snapshots language features should transpile multiple acts and scenes 1`] = `
"Duncan and the huge summer's day.

Duncan, the a variable.
Solinus, the b variable.
Helena, the c variable.
Sebastian, the d variable.
Hector, the e variable.
Fortinbras, the f variable.

                    Act I: Act1.

                    Scene I: Scene1.

[Enter Duncan and Solinus]

Duncan:
     You are plum.

[Exeunt]

                    Scene II: Scene2.

[Enter Helena and Sebastian]

Helena:
     You are charming plum.

[Exeunt]

                    Act II: Act2.

                    Scene I: Scene1.

[Enter Hector and Fortinbras]

Hector:
     Thou art the sum of nose and rural hero.

[Exeunt]"
`;

exports[`NFSPL to SPL Snapshots language features should transpile positive numbers 1`] = `
"Lychorida and the clearest war.

Lychorida, the numbers variable.
Mistress Page, the output variable.

                    Act I: Main.

                    Scene I: Number test.

[Enter Lychorida and Mistress Page]

Lychorida:
     Thou art nothing. Thou art happiness. You are the sum of sum of fine
    kingdom and little amazing sweetest rose and brave handsome noble happy
    cute plum. Thou art the sum of sum of gentle warm rose and delicious loving
    beautiful proud peaceful Heaven and honest happy amazing cute charming
    brave cat.

[Exeunt]"
`;

exports[`NFSPL to SPL Snapshots language features should transpile stack operations 1`] = `
"Donalbain and the normal hog.

Donalbain, the pusher variable.
Egeus, the stack variable.

                    Act I: Main.

                    Scene I: Stack test.

[Enter Donalbain and Egeus]

Donalbain:
     Thou art the sum of sum of good nose and sweetest brave gentle Lord and
    amazing noble tiny blossoming charming hamster. Remember yourself! Remember
    me!

Egeus:
     Recall your smelly bluest Hell! Recall your fat fair grandmother!

[Exeunt]"
`;

exports[`NFSPL to SPL Snapshots language features should transpile variable references 1`] = `
"Goneril and the blossoming road.

Goneril, the a variable.
The Archbishop of Canterbury, the b variable.

                    Act I: Main.

                    Scene I: Variable test.

[Enter Goneril and The Archbishop of Canterbury]

Goneril:
     You are the sum of bold King and pretty brave amazing purse.

The Archbishop of Canterbury:
     Thou art the sum of Goneril and sum of happiness and warm loving Heaven.
    You are the product of Goneril and The Archbishop of Canterbury.

[Exeunt]"
`;
