// Jest Snapshot v1, https://goo.gl/fbAQLP

exports[`NFSPL to SPL Snapshots example programs should transpile fizzbuzz.nfspl to SPL 1`] = `
"Oberon and the healthy wolf.

Oberon, the n variable.
Benvolio, the out variable.

                    Act I: Main.

                    Scene I: Start.

[Enter Oberon and Benvolio]

Benvolio:
     Thou art nothing.

                    Scene II: Loop.

Benvolio:
     You are the sum of you and sky.

Benvolio:
     Is you jollier than sum of sum of bold peaceful nose and healthy reddest
    trustworthy delicious good Heaven and rich sweetest fair embroidered
    charming charming hamster? If so, we shall proceed to scene VI.

Benvolio:
     Is remainder of the quotient between you and sum of sum of sum of nose and
    rural cat and loving white happiness and smooth fair sweet cat as smooth as
    nothing? If so, let us proceed to scene III.

Benvolio:
     Is remainder of the quotient between you and sum of cat and pretty joy as
    old as nothing? If so, We shall proceed to scene IV.

Benvolio:
     Is remainder of the quotient between you and sum of summer's day and good
    warm hero as beautiful as nothing? If so, We shall proceed to scene V.

Oberon:
     You are Oberon. Open your heart! You are the sum of proud joy and pretty
    mighty rich hero. Speak your mind! we shall return to scene II.

                    Scene III: Fizzbuzz.

Oberon:
     You are the sum of sum of sum of loving Lord and honest cunning plum and
    beautiful sunny warm loving noble Heaven and bold smooth happy embroidered
    blossoming cunning sky. Speak thine mind! You are the sum of sum of sum of
    happiness and sweet happy prompt King and cute little cunning fine rural
    summer's day and brave charming delicious tiny trustworthy beautiful purse.
    Speak thine mind! Thou art the sum of sum of sum of sum of little sky and
    handsome reddest beautiful flower and sunny golden happy tiny hamster and
    lovely happy cute brave white angel and trustworthy sweet fair healthy
    blossoming little sky. Speak thine mind! Thou art the sum of sum of sum of
    sum of happy kingdom and amazing charming cunning hamster and healthy noble
    loving sweetest nose and clearest loving delicious warm cute nose and
    embroidered rich rural trustworthy cute amazing summer's day. Speak thy
    mind! Thou art the sum of sum of healthy rose and golden fair healthy
    delicious reddest happiness and sweet peaceful reddest honest embroidered
    warm nose. Speak your mind! You are the sum of sum of sum of sum of hamster
    and charming happy angel and sweet cunning rich gentle hero and noble
    blossoming bold white amazing joy and cute honest white gentle tiny rich
    hamster. Speak thy mind! You are the sum of sum of sum of sum of good cat
    and cute honest pretty King and white tiny sweetest cunning cat and honest
    happy mighty delicious lovely town and rural fine honest lovely loving tiny
    town. Speak your mind! You are the sum of sum of sum of sum of sweet plum
    and mighty cunning rich joy and gentle little delicious charming kingdom
    and brave mighty rich white cute happiness and little sunny sunny white
    happy blossoming King. Speak thy mind! Thou art the sum of mighty summer's
    day and bold warm honest purse. Speak your mind! let us return to scene II.

                    Scene IV: Fizz.

Oberon:
     Thou art the sum of sum of sum of warm joy and noble sweetest plum and
    delicious cunning cute prompt cute cat and rural sweet trustworthy proud
    bold sweetest nose. Speak thine mind! Thou art the sum of sum of sum of
    town and cunning amazing peaceful town and brave fair sweetest handsome
    delicious King and old sweetest mighty cunning loving brave kingdom. Speak
    thy mind! Thou art the sum of sum of sum of sum of cunning pony and fair
    rich peaceful happiness and blossoming trustworthy sweet proud purse and
    happy healthy proud happy happy purse and cunning reddest embroidered
    cunning bold loving King. Speak thy mind! Thou art the sum of sum of sum of
    sum of delicious Heaven and healthy beautiful mighty kingdom and noble rich
    good tiny angel and fine brave cute beautiful handsome rose and proud
    healthy fine mighty amazing brave Heaven. Speak your mind! Thou art the sum
    of reddest happiness and charming sweet sweetest angel. Speak thy mind! We
    must proceed to scene II.

                    Scene V: Buzz.

Oberon:
     You are the sum of sum of trustworthy plum and good beautiful fine cunning
    proud hamster and gentle noble mighty honest golden pretty cat. Speak thy
    mind! You are the sum of sum of sum of sum of kingdom and white fine Lord
    and sweet good pretty beautiful plum and reddest handsome beautiful proud
    gentle rose and golden sweetest proud fair reddest gentle Lord. Speak thy
    mind! You are the sum of sum of sum of sum of peaceful King and cunning
    handsome handsome cat and amazing cunning happy beautiful nose and mighty
    old cute old peaceful sky and healthy amazing delicious mighty smooth
    embroidered town. Speak thine mind! Thou art the sum of sum of sum of sum
    of delicious Heaven and peaceful delicious charming flower and lovely bold
    happy old summer's day and gentle trustworthy noble good loving joy and
    delicious clearest handsome prompt healthy pretty purse. Speak thy mind!
    You are the sum of mighty happiness and sunny rural delicious joy. Speak
    your mind! We shall proceed to scene II.

                    Scene VI: End.

[Exeunt]"
`;

exports[`NFSPL to SPL Snapshots example programs should transpile hi.nfspl to SPL 1`] = `
"Don John and the bad hero.

Don John, the a variable.
Juliet, the b variable.

                    Act I: Main.

                    Scene I: Print hi.

[Enter Don John and Juliet]

Juliet:
     Thou art the sum of noble delicious handsome hamster and cunning good rich
    brave trustworthy gentle cat. Speak your mind!

Juliet:
     Thou art the sum of you and hamster. Speak thine mind!

Juliet:
     You are the sum of smooth flower and white bold blossoming cat. Speak
    thine mind!

[Exeunt]"
`;

exports[`NFSPL to SPL Snapshots example programs should transpile simplified reverse program 1`] = `
"Queen Elinor and the sweet fellow.

Queen Elinor, the stack variable.
Helena, the count variable.

                    Act I: Main.

                    Scene I: Init.

[Enter Queen Elinor and Helena]

Queen Elinor:
     You are nothing.

                    Scene II: Get input.

Helena:
     Open thy mind! Remember thyself!

Queen Elinor:
     You are the sum of you and town. Is you friendlier than nothing?

Helena:
     If so, Let us proceed to scene II. Recall your bluest blue leech!

                    Scene III: Print reversed.

Helena:
     Recall your old pretty town! Speak your mind!

Queen Elinor:
     Thou art the difference between you and Lord. Is you jollier than nothing?

Helena:
     If so, we shall return to scene III.

                    Scene IV: End.

[Exeunt]"
`;

exports[`NFSPL to SPL Snapshots language features should transpile arithmetic operations 1`] = `
"Christopher Sly and the oozing purse.

Christopher Sly, the calc variable.
Fenton, the result variable.

                    Act I: Main.

                    Scene I: Arithmetic test.

[Enter Christopher Sly and Fenton]

Christopher Sly:
     You are the sum of sum of sunny cat and trustworthy noble warm happiness
    and sum of summer's day and warm peaceful town. You are the difference
    between sum of mighty peaceful cat and sweetest pretty trustworthy golden
    purse and sum of sum of angel and lovely King and sunny mighty hamster. You
    are the product of sum of sunny King and cute happy rose and sum of sum of
    purse and warm purse and healthy beautiful Lord. You are the quotient
    between sum of sum of sum of Lord and clearest plum and cunning cunning sky
    and tiny clearest proud town and sum of pony and tiny Lord. You are the
    remainder of the quotient between sum of hero and rich smooth fair clearest
    sky and sum of cat and fair lovely rose.

[Exeunt]"
`;

exports[`NFSPL to SPL Snapshots language features should transpile basic I/O operations 1`] = `
"Ferdinand and the fat-kidneyed roman.

Ferdinand, the reader variable.
Agrippa, the writer variable.

                    Act I: Main.

                    Scene I: I o test.

[Enter Ferdinand and Agrippa]

Ferdinand:
     Open thy mind! Listen to thine heart!

Agrippa:
     Thou art the sum of purse and sweetest lovely tiny loving honest healthy
    summer's day. Speak thine mind! Thou art the sum of sum of proud cat and
    little prompt sweet pony and cunning fine cute good cute happiness. Open
    thy heart!

[Exeunt]"
`;

exports[`NFSPL to SPL Snapshots language features should transpile character literals 1`] = `
"Adriana and the little face.

Adriana, the char_writer variable.
Pantino, the output variable.

                    Act I: Main.

                    Scene I: Char test.

[Enter Adriana and Pantino]

Adriana:
     Thou art the sum of hero and charming sweet pretty tiny golden cunning
    angel. Thou art the sum of sum of sum of loving kingdom and pretty sweetest
    bold plum and proud gentle embroidered fair pony and peaceful mighty gentle
    beautiful tiny embroidered hero. Thou art the sum of good lovely
    embroidered amazing plum and loving gentle healthy golden lovely flower.
    Thou art the sum of sum of sum of flower and mighty rural cunning hero and
    honest pretty sweet blossoming flower and sweetest trustworthy white
    healthy brave hero.

[Exeunt]"
`;

exports[`NFSPL to SPL Snapshots language features should transpile comparison operations 1`] = `
"Sebastian and the stuffed mistletoe.

Sebastian, the left variable.
Orsino, the right variable.

                    Act I: Main.

                    Scene I: Comparison test.

[Enter Sebastian and Orsino]

Sebastian:
     Is you as handsome as Orsino? Is you fresher than Orsino? Is you worse
    than Orsino? Is you not as half-witted as Orsino? Is you not friendlier
    than Orsino? Is you not punier than Orsino?

[Exeunt]"
`;

exports[`NFSPL to SPL Snapshots language features should transpile control flow 1`] = `
"Solinus and the rotten beggar.

Solinus, the tester variable.
Lady Macbeth, the value variable.
Dogberry, the winner variable.
Leonato, the output variable.
Ophelia, the loser variable.

                    Act I: Main.

                    Scene I: Control test.

[Enter Solinus and Lady Macbeth]

Solinus:
     Is you as warm as sum of sum of cunning happiness and mighty smooth rural
    Heaven and old cute rich cunning sweetest sky? If so, Let us return to
    scene II. Is you nicer than nothing? If not, We must return to scene III.

                    Scene II: Success.

[Enter Dogberry and Leonato]

Dogberry:
     You are the sum of sum of sum of sum of summer's day and happy hero and
    golden bold hamster and cunning sweetest good proud flower and brave proud
    trustworthy fair mighty rural kingdom.

[Exeunt]

                    Scene III: Failure.

[Enter Ophelia and Leonato]

Ophelia:
     Thou art the sum of sum of little golden angel and lovely fine little town
    and handsome sweet fair trustworthy sweetest good town.

[Exeunt]"
`;

exports[`NFSPL to SPL Snapshots language features should transpile multiple acts and scenes 1`] = `
"Duncan and the huge summer's day.

Duncan, the a variable.
Solinus, the b variable.
Helena, the c variable.
Sebastian, the d variable.
Hector, the e variable.
Fortinbras, the f variable.

                    Act I: Act1.

                    Scene I: Scene1.

[Enter Duncan and Solinus]

Duncan:
     You are plum.

[Exeunt]

                    Scene II: Scene2.

[Enter Helena and Sebastian]

Helena:
     You are charming plum.

[Exeunt]

                    Act II: Act2.

                    Scene I: Scene1.

[Enter Hector and Fortinbras]

Hector:
     Thou art the sum of nose and rural hero.

[Exeunt]"
`;

exports[`NFSPL to SPL Snapshots language features should transpile positive numbers 1`] = `
"Lychorida and the clearest war.

Lychorida, the numbers variable.
Mistress Page, the output variable.

                    Act I: Main.

                    Scene I: Number test.

[Enter Lychorida and Mistress Page]

Lychorida:
     Thou art nothing. Thou art happiness. You are the sum of sum of fine
    kingdom and little amazing sweetest rose and brave handsome noble happy
    cute plum. Thou art the sum of sum of gentle warm rose and delicious loving
    beautiful proud peaceful Heaven and honest happy amazing cute charming
    brave cat.

[Exeunt]"
`;

exports[`NFSPL to SPL Snapshots language features should transpile stack operations 1`] = `
"Donalbain and the normal hog.

Donalbain, the pusher variable.
Egeus, the stack variable.

                    Act I: Main.

                    Scene I: Stack test.

[Enter Donalbain and Egeus]

Donalbain:
     Thou art the sum of sum of good nose and sweetest brave gentle Lord and
    amazing noble tiny blossoming charming hamster. Remember yourself! Remember
    me!

Egeus:
     Recall your smelly bluest Hell! Recall your fat fair grandmother!

[Exeunt]"
`;

exports[`NFSPL to SPL Snapshots language features should transpile variable references 1`] = `
"Goneril and the blossoming road.

Goneril, the a variable.
The Archbishop of Canterbury, the b variable.

                    Act I: Main.

                    Scene I: Variable test.

[Enter Goneril and The Archbishop of Canterbury]

Goneril:
     You are the sum of bold King and pretty brave amazing purse.

The Archbishop of Canterbury:
     Thou art the sum of Goneril and sum of happiness and warm loving Heaven.
    You are the product of Goneril and The Archbishop of Canterbury.

[Exeunt]"
`;
